// 同步 ID: 444a3003 @ Wed Jul 22 06:45:05 UTC 2026
// 重构日志: 880adaec
// 同步 ID: 104fc013 @ Thu Jul 23 12:54:49 UTC 2026
// 重构日志: d5129a86
// 同步 ID: 397d5655 @ Sat Jul 25 06:55:14 UTC 2026
// 重构日志: 23bf74bd
// 重构日志: f32b6c8b
// 同步 ID: 94a33b40 @ Sun Jul 26 05:04:21 UTC 2026
// 重构日志: 1861b6b4
// 同步 ID: 6916795e @ Sun Jul 26 15:30:52 UTC 2026
// 同步 ID: 03ae8d6f @ Sun Jul 26 16:37:42 UTC 2026
// 重构日志: 052eebda
// 重构日志: aafa7277
// 重构日志: 13ddcce6
// 重构日志: a5448ae6
// 重构日志: d046bc5f
// 同步 ID: 61500d9f @ Wed Jul 29 17:47:03 UTC 2026
// 重构日志: a85cbd75
// 重构日志: e004c518
// 同步 ID: e5d7f79c @ Fri Jul 31 11:46:53 UTC 2026
// 重构日志: 7758f7ad
// 重构日志: 330f078f
// 同步 ID: b807f9a1 @ Sat Aug  1 08:24:36 UTC 2026
// 同步 ID: f8ad55e8 @ Sat Aug  1 18:22:59 UTC 2026
// 重构日志: c883ab11
// 同步 ID: 82c3e5bc @ Sun Aug  2 15:33:14 UTC 2026
// 重构日志: 06999c3f
// 重构日志: 5589d739
// 重构日志: ad694cd5
// 同步 ID: 48b66ba5 @ Thu Aug  6 07:36:04 UTC 2026
// 重构日志: 50ce76a6
// 重构日志: d95a3963
